../Core/Src/main.c:106:5:main	1
../Core/Src/main.c:132:6:SystemClock_Config	3
../Core/Src/main.c:161:13:MX_GPIO_Init	1
../Core/Src/main.c:191:6:Error_Handler	1
../Core/Src/main.c:206:13:get_last_state	39
../Core/Src/main.c:263:8:read_button	13
../Core/Src/main.c:311:6:waiting_action	1
../Core/Src/main.c:317:6:start_timer	5
../Core/Src/main.c:342:6:set_timer	1
../Core/Src/main.c:348:6:default_timer	1
../Core/Src/main.c:356:6:increase_digit	5
../Core/Src/main.c:382:6:trade_digit	1
../Core/Src/main.c:388:6:stop_return	1
../Core/Src/main.c:396:6:split_number	1
../Core/Src/main.c:404:6:enable_digit	5
../Core/Src/main.c:436:6:refresh_display	8
../Core/Src/main.c:472:6:init_stopwatch	1
../Core/Src/main.c:479:6:mode_stopwatch	1
../Core/Src/main.c:484:6:start_stopwatch	6
../Core/Src/main.c:500:6:stop_stopwatch	1
