../Core/Src/main.c:106:5:main	8	static
../Core/Src/main.c:132:6:SystemClock_Config	72	static
../Core/Src/main.c:161:13:MX_GPIO_Init	40	static
../Core/Src/main.c:191:6:Error_Handler	4	static,ignoring_inline_asm
../Core/Src/main.c:206:13:get_last_state	16	static
../Core/Src/main.c:263:8:read_button	16	static
../Core/Src/main.c:311:6:waiting_action	4	static
../Core/Src/main.c:317:6:start_timer	8	static
../Core/Src/main.c:342:6:set_timer	4	static
../Core/Src/main.c:348:6:default_timer	8	static
../Core/Src/main.c:356:6:increase_digit	16	static
../Core/Src/main.c:382:6:trade_digit	4	static
../Core/Src/main.c:388:6:stop_return	4	static
../Core/Src/main.c:396:6:split_number	4	static
../Core/Src/main.c:404:6:enable_digit	16	static
../Core/Src/main.c:436:6:refresh_display	8	static
../Core/Src/main.c:472:6:init_stopwatch	4	static
../Core/Src/main.c:479:6:mode_stopwatch	4	static
../Core/Src/main.c:484:6:start_stopwatch	8	static
../Core/Src/main.c:500:6:stop_stopwatch	4	static
