../Core/Src/sonar_de_ataque.c:45:14:CalculateTargetAngle	40	static
../Core/Src/sonar_de_ataque.c:67:13:US_Delay	16	static
../Core/Src/sonar_de_ataque.c:73:6:HAL_TIM_IC_CaptureCallback	16	static
../Core/Src/sonar_de_ataque.c:118:6:Sonar_Attack_Init	8	static
../Core/Src/sonar_de_ataque.c:159:6:Sonar_Attack_Scan	8	static
../Core/Src/sonar_de_ataque.c:181:6:Sonar_Attack_Neutralize	16	static
../Core/Src/sonar_de_ataque.c:205:6:Sonar_Attack_HCSR04_Read	8	static
../Core/Src/sonar_de_ataque.c:217:6:Sonar_Attack_Target	16	static
../Core/Src/sonar_de_ataque.c:268:6:Sonar_Attack_Monitor	16	static
../Core/Src/sonar_de_ataque.c:282:6:Sonar_Attack_Loop	8	static
