../Core/Src/main.c:62:6:delay	16	static
../Core/Src/main.c:76:6:HAL_TIM_IC_CaptureCallback	16	static
../Core/Src/main.c:113:6:HCSR04_Read	8	static
../Core/Src/main.c:128:5:__io_putchar	16	static
../Core/Src/main.c:138:5:main	16	static
../Core/Src/main.c:194:6:SystemClock_Config	72	static
../Core/Src/main.c:234:13:MX_TIM1_Init	32	static
../Core/Src/main.c:283:13:MX_USART1_UART_Init	8	static
../Core/Src/main.c:316:13:MX_GPIO_Init	32	static
../Core/Src/main.c:348:6:Error_Handler	4	static,ignoring_inline_asm
