../Drivers/STM32F1xx_HAL_Driver/Src/stm32f1xx_hal_rcc.c:200:19:HAL_RCC_DeInit	16	static
../Drivers/STM32F1xx_HAL_Driver/Src/stm32f1xx_hal_rcc.c:345:19:HAL_RCC_OscConfig	32	static
../Drivers/STM32F1xx_HAL_Driver/Src/stm32f1xx_hal_rcc.c:811:19:HAL_RCC_ClockConfig	24	static
../Drivers/STM32F1xx_HAL_Driver/Src/stm32f1xx_hal_rcc.c:1001:6:HAL_RCC_MCOConfig	48	static
../Drivers/STM32F1xx_HAL_Driver/Src/stm32f1xx_hal_rcc.c:1038:6:HAL_RCC_EnableCSS	4	static
../Drivers/STM32F1xx_HAL_Driver/Src/stm32f1xx_hal_rcc.c:1047:6:HAL_RCC_DisableCSS	4	static
../Drivers/STM32F1xx_HAL_Driver/Src/stm32f1xx_hal_rcc.c:1081:10:HAL_RCC_GetSysClockFreq	32	static
../Drivers/STM32F1xx_HAL_Driver/Src/stm32f1xx_hal_rcc.c:1175:10:HAL_RCC_GetHCLKFreq	4	static
../Drivers/STM32F1xx_HAL_Driver/Src/stm32f1xx_hal_rcc.c:1186:10:HAL_RCC_GetPCLK1Freq	8	static
../Drivers/STM32F1xx_HAL_Driver/Src/stm32f1xx_hal_rcc.c:1198:10:HAL_RCC_GetPCLK2Freq	8	static
../Drivers/STM32F1xx_HAL_Driver/Src/stm32f1xx_hal_rcc.c:1211:6:HAL_RCC_GetOscConfig	16	static
../Drivers/STM32F1xx_HAL_Driver/Src/stm32f1xx_hal_rcc.c:1311:6:HAL_RCC_GetClockConfig	16	static
../Drivers/STM32F1xx_HAL_Driver/Src/stm32f1xx_hal_rcc.c:1346:6:HAL_RCC_NMI_IRQHandler	8	static
../Drivers/STM32F1xx_HAL_Driver/Src/stm32f1xx_hal_rcc.c:1364:13:RCC_Delay	24	static,ignoring_inline_asm
../Drivers/STM32F1xx_HAL_Driver/Src/stm32f1xx_hal_rcc.c:1378:13:HAL_RCC_CSSCallback	4	static
